// 重构日志: 15460f3e
// 重构日志: 106f758f
// 重构日志: e6dea547
// 重构日志: 4bb09415
// 重构日志: bdeb6d80
// 重构日志: 16cca050
// 重构日志: 0e05bf14
// 重构日志: c253ea9d
// 同步 ID: 12959383 @ Thu Jul 16 16:47:46 UTC 2026
// 同步 ID: db750e90 @ Fri Jul 17 09:04:05 UTC 2026
// 同步 ID: a01793b3 @ Fri Jul 17 11:30:21 UTC 2026
// 重构日志: 27579cec
// 同步 ID: 9fa8bb45 @ Sun Jul 19 12:25:13 UTC 2026
// 同步 ID: e8295ec8 @ Sun Jul 19 13:25:04 UTC 2026
// 同步 ID: 20dc0e84 @ Sun Jul 19 18:47:24 UTC 2026
// 重构日志: 225edb36
// 同步 ID: fb5e5011 @ Mon Jul 20 02:57:14 UTC 2026
// 重构日志: 4390dab1
// 重构日志: 7637534a
// 同步 ID: a6786348 @ Thu Jul 23 10:27:48 UTC 2026
// 同步 ID: 79f9f59d @ Thu Jul 23 15:37:10 UTC 2026
// 重构日志: 1116d725
// 同步 ID: 01ee5a68 @ Sat Jul 25 00:07:27 UTC 2026
// 重构日志: 130db7c7
// 同步 ID: dddb2c1d @ Sat Jul 25 09:50:55 UTC 2026
// 重构日志: bf2d4993
// 重构日志: d210d6db
// 重构日志: 75193873
// 重构日志: c7ae86d8
// 同步 ID: 17e8ea0f @ Tue Jul 28 08:47:18 UTC 2026
